{
  "version": "1.5.0",
  "plugins_used": [
    {
      "name": "ArtifactoryDetector"
    },
    {
      "name": "AWSKeyDetector"
    },
    {
      "name": "AzureStorageKeyDetector"
    },
    {
      "name": "Base64HighEntropyString",
      "limit": 4.5
    },
    {
      "name": "BasicAuthDetector"
    },
    {
      "name": "CloudantDetector"
    },
    {
      "name": "DiscordBotTokenDetector"
    },
    {
      "name": "GitHubTokenDetector"
    },
    {
      "name": "GitLabTokenDetector"
    },
    {
      "name": "HexHighEntropyString",
      "limit": 3.0
    },
    {
      "name": "IbmCloudIamDetector"
    },
    {
      "name": "IbmCosHmacDetector"
    },
    {
      "name": "IPPublicDetector"
    },
    {
      "name": "JwtTokenDetector"
    },
    {
      "name": "KeywordDetector",
      "keyword_exclude": ""
    },
    {
      "name": "MailchimpDetector"
    },
    {
      "name": "NpmDetector"
    },
    {
      "name": "OpenAIDetector"
    },
    {
      "name": "PrivateKeyDetector"
    },
    {
      "name": "PypiTokenDetector"
    },
    {
      "name": "SendGridDetector"
    },
    {
      "name": "SlackDetector"
    },
    {
      "name": "SoftlayerDetector"
    },
    {
      "name": "SquareOAuthDetector"
    },
    {
      "name": "StripeDetector"
    },
    {
      "name": "TelegramBotTokenDetector"
    },
    {
      "name": "TwilioKeyDetector"
    }
  ],
  "filters_used": [
    {
      "path": "detect_secrets.filters.allowlist.is_line_allowlisted"
    },
    {
      "path": "detect_secrets.filters.common.is_baseline_file",
      "filename": ".secrets.baseline"
    },
    {
      "path": "detect_secrets.filters.common.is_ignored_due_to_verification_policies",
      "min_level": 2
    },
    {
      "path": "detect_secrets.filters.heuristic.is_indirect_reference"
    },
    {
      "path": "detect_secrets.filters.heuristic.is_likely_id_string"
    },
    {
      "path": "detect_secrets.filters.heuristic.is_lock_file"
    },
    {
      "path": "detect_secrets.filters.heuristic.is_not_alphanumeric_string"
    },
    {
      "path": "detect_secrets.filters.heuristic.is_potential_uuid"
    },
    {
      "path": "detect_secrets.filters.heuristic.is_prefixed_with_dollar_sign"
    },
    {
      "path": "detect_secrets.filters.heuristic.is_sequential_string"
    },
    {
      "path": "detect_secrets.filters.heuristic.is_swagger_file"
    },
    {
      "path": "detect_secrets.filters.heuristic.is_templated_secret"
    },
    {
      "path": "detect_secrets.filters.regex.should_exclude_file",
      "pattern": [
        "\\.(pycodekg|dockg)/snapshots/.*"
      ]
    }
  ],
  "results": {
    ".dockg/snapshots/1b28b131152bb66eba26f3a23bd5cbc4e05cd316.json": [
      {
        "type": "Hex High Entropy String",
        "filename": ".dockg/snapshots/1b28b131152bb66eba26f3a23bd5cbc4e05cd316.json",
        "hashed_secret": "397800b3b4905abb010ed492c1a6a85a69ec264f",
        "is_verified": false,
        "line_number": 2
      }
    ],
    ".dockg/snapshots/eb41e6cc168987692fd0dd4881cb295a8b638124.json": [
      {
        "type": "Hex High Entropy String",
        "filename": ".dockg/snapshots/eb41e6cc168987692fd0dd4881cb295a8b638124.json",
        "hashed_secret": "a023009c7fd715da1ad0c50f61f4f1696143b818",
        "is_verified": false,
        "line_number": 2
      }
    ],
    ".pycodekg/snapshots/035741ebd1f1d2d5b8a3314fc44e9b9dd91412b5.json": [
      {
        "type": "Hex High Entropy String",
        "filename": ".pycodekg/snapshots/035741ebd1f1d2d5b8a3314fc44e9b9dd91412b5.json",
        "hashed_secret": "182e3d19287e57de6a4ae8c0ec7d3f1f166a096c",
        "is_verified": false,
        "line_number": 2
      }
    ],
    ".pycodekg/snapshots/044579e59f14ba6196c852e3d1205b8ef9503a25.json": [
      {
        "type": "Hex High Entropy String",
        "filename": ".pycodekg/snapshots/044579e59f14ba6196c852e3d1205b8ef9503a25.json",
        "hashed_secret": "6e5cfc06c79541710c1ce74f4f45bfead299e211",
        "is_verified": false,
        "line_number": 2
      }
    ],
    ".pycodekg/snapshots/0874310dd030ef0f5fd56dfa71bdec2cfa938160.json": [
      {
        "type": "Hex High Entropy String",
        "filename": ".pycodekg/snapshots/0874310dd030ef0f5fd56dfa71bdec2cfa938160.json",
        "hashed_secret": "ba546f78e31da7482233b270a95d5e831d7f4ad0",
        "is_verified": false,
        "line_number": 2
      }
    ],
    ".pycodekg/snapshots/0ff6f34c99a35ce1966c9e516475f30797982e18.json": [
      {
        "type": "Hex High Entropy String",
        "filename": ".pycodekg/snapshots/0ff6f34c99a35ce1966c9e516475f30797982e18.json",
        "hashed_secret": "f78469b7956102ecdcfdde3e8b70adaf8fcb7f12",
        "is_verified": false,
        "line_number": 2
      }
    ],
    ".pycodekg/snapshots/1674a592741c01e2fb78f684a9dfe5b2799021ad.json": [
      {
        "type": "Hex High Entropy String",
        "filename": ".pycodekg/snapshots/1674a592741c01e2fb78f684a9dfe5b2799021ad.json",
        "hashed_secret": "2bd93661a61a354bc7e672f15c96450ed5c5e1ab",
        "is_verified": false,
        "line_number": 2
      }
    ],
    ".pycodekg/snapshots/2041d54f2a6f13c622150390dce4c6683e921443.json": [
      {
        "type": "Hex High Entropy String",
        "filename": ".pycodekg/snapshots/2041d54f2a6f13c622150390dce4c6683e921443.json",
        "hashed_secret": "204898eccbec39b64498fcfa9d9438571eb5b547",
        "is_verified": false,
        "line_number": 2
      }
    ],
    ".pycodekg/snapshots/5a546b8e96eb3b19b4868e0281796f2133da88a4.json": [
      {
        "type": "Hex High Entropy String",
        "filename": ".pycodekg/snapshots/5a546b8e96eb3b19b4868e0281796f2133da88a4.json",
        "hashed_secret": "46c5d4a75ca5c73819cc25f454a7285354cf8f68",
        "is_verified": false,
        "line_number": 2
      }
    ],
    ".pycodekg/snapshots/5f1453b25d843fc990d790414e5f06045b43e863.json": [
      {
        "type": "Hex High Entropy String",
        "filename": ".pycodekg/snapshots/5f1453b25d843fc990d790414e5f06045b43e863.json",
        "hashed_secret": "7a3f944ad6365c73fd778dde45830f0f1a0fb24f",
        "is_verified": false,
        "line_number": 2
      }
    ],
    ".pycodekg/snapshots/65bf2c5c7051c6e68d7738bc8da40ad779a1f20d.json": [
      {
        "type": "Hex High Entropy String",
        "filename": ".pycodekg/snapshots/65bf2c5c7051c6e68d7738bc8da40ad779a1f20d.json",
        "hashed_secret": "3616010c9eaffd341683691dee6fe7d3406937c3",
        "is_verified": false,
        "line_number": 2
      }
    ],
    ".pycodekg/snapshots/7157e101bf58087eed643f02aa03bf65db8b93ac.json": [
      {
        "type": "Hex High Entropy String",
        "filename": ".pycodekg/snapshots/7157e101bf58087eed643f02aa03bf65db8b93ac.json",
        "hashed_secret": "b420543addd749087f3f8c953e8979beb065f623",
        "is_verified": false,
        "line_number": 2
      }
    ],
    ".pycodekg/snapshots/74f8ae196fb554804ff2fdafc6b4c3de2368e8f0.json": [
      {
        "type": "Hex High Entropy String",
        "filename": ".pycodekg/snapshots/74f8ae196fb554804ff2fdafc6b4c3de2368e8f0.json",
        "hashed_secret": "75d6372ac397c6466ddc0eb03ab16be4d994a38f",
        "is_verified": false,
        "line_number": 2
      }
    ],
    ".pycodekg/snapshots/90590d88a2aa9c136242db078d9b6abd61102f3b.json": [
      {
        "type": "Hex High Entropy String",
        "filename": ".pycodekg/snapshots/90590d88a2aa9c136242db078d9b6abd61102f3b.json",
        "hashed_secret": "f3f4e9de4635c59a05f3bec7d31b4439f9af8541",
        "is_verified": false,
        "line_number": 2
      },
      {
        "type": "Hex High Entropy String",
        "filename": ".pycodekg/snapshots/90590d88a2aa9c136242db078d9b6abd61102f3b.json",
        "hashed_secret": "1ae47215a25e697282dcb79ad0b2dffe6bdd8cdc",
        "is_verified": false,
        "line_number": 3
      }
    ],
    ".pycodekg/snapshots/925bd129f69e5d80726f80b7ddf8e1729fcba566.json": [
      {
        "type": "Hex High Entropy String",
        "filename": ".pycodekg/snapshots/925bd129f69e5d80726f80b7ddf8e1729fcba566.json",
        "hashed_secret": "7f1eabd60d4e0162c6190fb4b906a4e3e05a8a52",
        "is_verified": false,
        "line_number": 2
      }
    ],
    ".pycodekg/snapshots/97fe4e96f60955b4a7dcec388e04d51f11366176.json": [
      {
        "type": "Hex High Entropy String",
        "filename": ".pycodekg/snapshots/97fe4e96f60955b4a7dcec388e04d51f11366176.json",
        "hashed_secret": "e16ae40dd3674677a9ff2d90df6e5d002703e84d",
        "is_verified": false,
        "line_number": 2
      },
      {
        "type": "Hex High Entropy String",
        "filename": ".pycodekg/snapshots/97fe4e96f60955b4a7dcec388e04d51f11366176.json",
        "hashed_secret": "cde3ebc662d929cdb4fc4bb26e095f627b0afa7c",
        "is_verified": false,
        "line_number": 3
      }
    ],
    ".pycodekg/snapshots/982b8d94034ffc6e7d78359976a2aa0a722e1f9d.json": [
      {
        "type": "Hex High Entropy String",
        "filename": ".pycodekg/snapshots/982b8d94034ffc6e7d78359976a2aa0a722e1f9d.json",
        "hashed_secret": "9c67382a7c65e0ff81fa62eae132769d937eab3b",
        "is_verified": false,
        "line_number": 2
      }
    ],
    ".pycodekg/snapshots/a5fa687829be93364636e0244f04219ca6dd64c0.json": [
      {
        "type": "Hex High Entropy String",
        "filename": ".pycodekg/snapshots/a5fa687829be93364636e0244f04219ca6dd64c0.json",
        "hashed_secret": "ac1e25a7ef9474ebaf66f1aacbc425f530abda23",
        "is_verified": false,
        "line_number": 2
      }
    ],
    ".pycodekg/snapshots/a757cf65306a2805414a55ad1c05d5f8b8f5c1da.json": [
      {
        "type": "Hex High Entropy String",
        "filename": ".pycodekg/snapshots/a757cf65306a2805414a55ad1c05d5f8b8f5c1da.json",
        "hashed_secret": "071f0090169bc5858e0f76127e3ef06e37a02742",
        "is_verified": false,
        "line_number": 2
      }
    ],
    ".pycodekg/snapshots/b87aea84aacb3becd5c1f6fdce61781644d90b2a.json": [
      {
        "type": "Hex High Entropy String",
        "filename": ".pycodekg/snapshots/b87aea84aacb3becd5c1f6fdce61781644d90b2a.json",
        "hashed_secret": "fe1c5d1b71cfd859f48b6542c081a51c3c3224c1",
        "is_verified": false,
        "line_number": 2
      }
    ],
    ".pycodekg/snapshots/bb4ababa6382d1e02d770b302ccd40920505b034.json": [
      {
        "type": "Hex High Entropy String",
        "filename": ".pycodekg/snapshots/bb4ababa6382d1e02d770b302ccd40920505b034.json",
        "hashed_secret": "12662f41d5753b9c0a33be7505bd651f2b3ca2d6",
        "is_verified": false,
        "line_number": 2
      }
    ],
    ".pycodekg/snapshots/c4fb330de9d68c0fcd478476c0f0579841ba8e7d.json": [
      {
        "type": "Hex High Entropy String",
        "filename": ".pycodekg/snapshots/c4fb330de9d68c0fcd478476c0f0579841ba8e7d.json",
        "hashed_secret": "17e861660eac60f092db833b71626ef94a3ae139",
        "is_verified": false,
        "line_number": 2
      }
    ],
    ".pycodekg/snapshots/ccd52aec804837f2b3065400a3f746da56d33d9d.json": [
      {
        "type": "Hex High Entropy String",
        "filename": ".pycodekg/snapshots/ccd52aec804837f2b3065400a3f746da56d33d9d.json",
        "hashed_secret": "a67027b67cecb98fa7ec40ebef4e4b48bd1d61c9",
        "is_verified": false,
        "line_number": 2
      }
    ],
    ".pycodekg/snapshots/d4201461df85c152659a2ee1af79473154256e65.json": [
      {
        "type": "Hex High Entropy String",
        "filename": ".pycodekg/snapshots/d4201461df85c152659a2ee1af79473154256e65.json",
        "hashed_secret": "42fb34d1ecde242270c445eb65c2c3b24e4803e1",
        "is_verified": false,
        "line_number": 2
      }
    ],
    ".pycodekg/snapshots/d51c4503b4888f442663b789fb2bc6744b2c6858.json": [
      {
        "type": "Hex High Entropy String",
        "filename": ".pycodekg/snapshots/d51c4503b4888f442663b789fb2bc6744b2c6858.json",
        "hashed_secret": "ca8424e2919f8d84542075a3e8760c123ca0599a",
        "is_verified": false,
        "line_number": 2
      }
    ],
    ".pycodekg/snapshots/e6a68cfa2bc3dee96e35660e7d63521336e5f079.json": [
      {
        "type": "Hex High Entropy String",
        "filename": ".pycodekg/snapshots/e6a68cfa2bc3dee96e35660e7d63521336e5f079.json",
        "hashed_secret": "6e53f8573433ac70c0ec7dea41136ac2f26f976a",
        "is_verified": false,
        "line_number": 2
      }
    ],
    ".pycodekg/snapshots/e7e8d95c27134b93178f9c5538739a76b8accf60.json": [
      {
        "type": "Hex High Entropy String",
        "filename": ".pycodekg/snapshots/e7e8d95c27134b93178f9c5538739a76b8accf60.json",
        "hashed_secret": "70ffa926e42e78ee2d4a9ed4841929a1964b95c6",
        "is_verified": false,
        "line_number": 2
      }
    ],
    ".pycodekg/snapshots/f50da2c3122eedb01a6273c44e93b8becc428de2.json": [
      {
        "type": "Hex High Entropy String",
        "filename": ".pycodekg/snapshots/f50da2c3122eedb01a6273c44e93b8becc428de2.json",
        "hashed_secret": "ae887f39c77c592a9017b6b192b1c251967e8a78",
        "is_verified": false,
        "line_number": 2
      }
    ],
    ".pycodekg/snapshots/fd6416043a921b3bd0847351dc10d7cd31c4a07b.json": [
      {
        "type": "Hex High Entropy String",
        "filename": ".pycodekg/snapshots/fd6416043a921b3bd0847351dc10d7cd31c4a07b.json",
        "hashed_secret": "c7f17a0937f4d55dce85b4084c0e356a65c1d657",
        "is_verified": false,
        "line_number": 2
      }
    ],
    "docs/pycode_kg_funnel.html": [
      {
        "type": "Base64 High Entropy String",
        "filename": "docs/pycode_kg_funnel.html",
        "hashed_secret": "474f873f0e0b751facdd2dcd6d90d1f2c0e9c7a5",
        "is_verified": false,
        "line_number": 14
      }
    ],
    "graph.html": [
      {
        "type": "Base64 High Entropy String",
        "filename": "graph.html",
        "hashed_secret": "c2e9fd74df197923159909f5105b39c8d55579e5",
        "is_verified": false,
        "line_number": 14
      }
    ]
  },
  "generated_at": "2026-08-15T14:08:26Z"
}
